ABILITYCATEGORY:Magical Girl Class Feature	VISIBLE:QUALIFY	EDITABLE:YES			EDITPOOL:NO	
ABILITYCATEGORY:Magical Girl Class Feature	CATEGORY:Special Ability				TYPE:Magical Girl Class Feature.MagicalGirlClassFeatures
ABILITYCATEGORY:Magical Girl Class Feature	PLURAL:Magical Girl Class Features		DISPLAYLOCATION:Class Features

ABILITYCATEGORY:Magical Girl Formula	VISIBLE:QUALIFY	EDITABLE:YES			EDITPOOL:YES	FRACTIONALPOOL:NO
ABILITYCATEGORY:Magical Girl Formula	CATEGORY:Special Ability				TYPE:MagicalGirlFormula
ABILITYCATEGORY:Magical Girl Formula	PLURAL:Magical Girl Formulae		DISPLAYLOCATION:Class Features

ABILITYCATEGORY:Magical Girl Active Formula	VISIBLE:QUALIFY	EDITABLE:YES			EDITPOOL:YES	FRACTIONALPOOL:NO
ABILITYCATEGORY:Magical Girl Active Formula	CATEGORY:Special Ability				TYPE:MagicalGirlActiveFormula
ABILITYCATEGORY:Magical Girl Active Formula	PLURAL:Magical Girl Active Formulae		DISPLAYLOCATION:Class Features

ABILITYCATEGORY:Magical Girl Passive Formula	VISIBLE:QUALIFY	EDITABLE:YES			EDITPOOL:YES	FRACTIONALPOOL:NO
ABILITYCATEGORY:Magical Girl Passive Formula	CATEGORY:Special Ability				TYPE:MagicalGirlPassiveFormula
ABILITYCATEGORY:Magical Girl Passive Formula	PLURAL:Magical Girl Passive Formulae	DISPLAYLOCATION:Class Features

ABILITYCATEGORY:Magical Girl Vulnerability	VISIBLE:QUALIFY	EDITABLE:YES			EDITPOOL:YES	FRACTIONALPOOL:NO
ABILITYCATEGORY:Magical Girl Vulnerability	CATEGORY:Special Ability				TYPE:MagicalGirlVulnerability
ABILITYCATEGORY:Magical Girl Vulnerability	PLURAL:Magical Girl Vulnerabilities		DISPLAYLOCATION:Class Features

ABILITYCATEGORY:Magical Girl Device	VISIBLE:QUALIFY	EDITABLE:YES			EDITPOOL:YES	FRACTIONALPOOL:NO
ABILITYCATEGORY:Magical Girl Device	CATEGORY:Special Ability				TYPE:MagicalGirlDevice
ABILITYCATEGORY:Magical Girl Device	PLURAL:Magical Girl Devices		DISPLAYLOCATION:Class Features

ABILITYCATEGORY:Magical Girl Legendary Formula	VISIBLE:QUALIFY	EDITABLE:YES	EDITPOOL:YES	FRACTIONALPOOL:NO
ABILITYCATEGORY:Magical Girl Legendary Formula	CATEGORY:Special Ability		TYPE:MagicalGirlLegendaryFormula
ABILITYCATEGORY:Magical Girl Legendary Formula	CATEGORY:Special Ability		DISPLAYLOCATION:Class Features